2026-09-24 03:37:21,622 INFO botocore.credentials Found credentials in environment variables.
2026-09-24 03:37:28,868 INFO radar.extract BODACC 2026-09-10 departement 34 : 218 annonces
2026-09-24 03:38:20,966 INFO radar.extract enrichissement : 200 fiches pour 201 SIREN demandes en 49.2 s (4.1 req/s)
2026-09-24 03:38:25,898 INFO radar.storage ecrit s3://amzn-s3-seau/radar/silver/evenements/date_parution=2026-09-10/evenements.parquet (39546 octets, 218 lignes)
2026-09-24 03:38:30,095 INFO radar.storage ecrit s3://amzn-s3-seau/radar/gold/indicateurs_commune_secteur/date_parution=2026-09-10/indicateurs.parquet (10866 octets, 136 lignes)

===== preparer (2026-09-10) =====
{
  "jour": "2026-09-10",
  "endpoint": "https://s3.eu-north-1.amazonaws.com",
  "execution_emulee": false,
  "bucket": "amzn-s3-seau",
  "seau_cree_par_le_graphe": false,
  "nb_communes_referentiel": 341,
  "departement": "34"
}

===== extraire (2026-09-10) =====
{
  "jour": "2026-09-10",
  "nb_annonces": 218,
  "total_annonce_par_la_source": 218,
  "octets_bronze": 444920,
  "cle_bronze": "radar/bronze/bodacc/date_parution=2026-09-10/annonces.json",
  "derniere_parution_source": "2026-09-23",
  "extrait_le": "2026-09-24T01:37:30+00:00"
}

===== enrichir (2026-09-10) =====
{
  "jour": "2026-09-10",
  "nb_sirens_distincts": 201,
  "nb_sirens_demandes": 201,
  "nb_fiches_obtenues": 200,
  "enrichissement_actif": true,
  "taux_couverture": 0.995
}

===== silver (2026-09-10) =====
{
  "jour": "2026-09-10",
  "nb_annonces_bronze": 218,
  "nb_evenements_silver": 218,
  "nb_doublons_ecartes": 0,
  "octets_parquet": 39546,
  "cle_silver": "radar/silver/evenements/date_parution=2026-09-10/evenements.parquet"
}

===== controler_silver (2026-09-10) =====

Controles de qualite : couche silver
+--------+------------------------------------+--------------------------------------------------------------------------------------+----------------------------------------------------+
| statut | controle                           | attendu                                                                              | observe                                            |
+--------+------------------------------------+--------------------------------------------------------------------------------------+----------------------------------------------------+
| OK     | completude_extraction              | 218 annonces, soit le total annonce par l'API pour ce jour                           | 218 annonces ecrites en bronze                     |
| OK     | unicite_id_annonce                 | aucun identifiant d'annonce en double                                                | 0 identifiant(s) en double                         |
| OK     | cles_non_nulles                    | id_annonce et date_parution toujours renseignes                                      | 0 ligne(s) incompletes                             |
| OK     | type_evenement_dans_le_vocabulaire | types parmi 14 valeurs connues                                                       | 0 type(s) hors vocabulaire                         |
| OK     | partition_homogene                 | toutes les lignes portent la date de parution 2026-09-10                             | 0 autre(s) date(s) dans la partition               |
| OK     | perimetre_departemental            | tous les codes commune commencent par 34                                             | 0 ligne(s) hors perimetre                          |
| OK     | volumetrie_dans_la_norme           | entre 5 et 1501 annonces (centiles 5 et 95 de 60 jours : 9 et 1000, marges 2 et 1.5) | 218 annonces                                       |
| OK     | fraicheur_source                   | derniere parution a moins de 5 jours de la date traitee                              | -13 jour(s) d'ecart (derniere parution 2026-09-23) |
| OK     | rapprochement_communes             | au moins 95% des annonces rattachees a une commune du referentiel                    | 99.08% (216/218)                                   |
| OK     | presence_siren                     | au moins 90% des annonces portent un SIREN valide (cle de Luhn)                      | 98.17% (214/218)                                   |
+--------+------------------------------------+--------------------------------------------------------------------------------------+----------------------------------------------------+
10 controles : 10 OK, 0 alerte(s), 0 echec(s) bloquant(s)


===== gold (2026-09-10) =====
{
  "jour": "2026-09-10",
  "nb_lignes_gold": 136,
  "nb_signaux": 64,
  "octets_parquet": 10866
}

===== controler_gold (2026-09-10) =====

Controles de qualite : couche gold
+--------+-----------------------------+----------------------------------------------------------------------+----------------------------------+
| statut | controle                    | attendu                                                              | observe                          |
+--------+-----------------------------+----------------------------------------------------------------------+----------------------------------+
| OK     | grain_or_unique             | une seule ligne par (jour, commune, section NAF)                     | 0 cle(s) en double               |
| OK     | conservation_argent_vers_or | 218 evenements agreges                                               | 218 evenements dans la couche or |
| OK     | coherence_solde_net         | solde_net = creations + immatriculations - radiations - liquidations | 0 ligne(s) incoherentes          |
| OK     | compteurs_positifs          | tous les compteurs nb_* sont positifs ou nuls                        | 0 valeur(s) negatives            |
| OK     | couverture_naf              | au moins 50% des evenements rattaches a une section NAF              | 95.87% (209/218)                 |
+--------+-----------------------------+----------------------------------------------------------------------+----------------------------------+
5 controles : 5 OK, 0 alerte(s), 0 echec(s) bloquant(s)


===== publier (2026-09-10) =====
{
  "nb_evenements": 218,
  "nb_lignes_or": 136,
  "nb_communes_touchees": 66,
  "nb_sans_commune": 2,
  "taux_rapprochement_commune": 0.9908,
  "nb_avec_siren": 214,
  "nb_avec_naf": 209,
  "par_type": {
    "autre_jugement": 24,
    "cloture_procedure": 14,
    "creation": 55,
    "liquidation": 27,
    "modification": 30,
    "plan_cession": 1,
    "radiation": 41,
    "redressement": 12,
    "transfert": 12,
    "vente_fonds": 2
  },
  "par_section": {
    "A": 1,
    "C": 9,
    "D": 1,
    "F": 23,
    "G": 48,
    "H": 12,
    "I": 22,
    "J": 9,
    "K": 8,
    "L": 24,
    "M": 17,
    "N": 12,
    "P": 8,
    "Q": 3,
    "R": 5,
    "S": 7,
    "Z": 9
  },
  "nb_defaillances": 40,
  "nb_ouvertures": 55,
  "solde_net": -13,
  "nb_ventes_avec_montant": 2,
  "montant_total_ventes_eur": 108000.0,
  "jour": "2026-09-10",
  "execution_emulee": false,
  "moteur_requete": "duckdb",
  "requetes_entrepot": {
    "top_communes": 66,
    "par_section": 17,
    "signaux_du_jour": 64,
    "solde_net_departement": 1
  }
}
