2026-09-24 03:43:09,010 INFO botocore.credentials Found credentials in environment variables.
2026-09-24 03:43:16,821 INFO radar.extract BODACC 2026-09-15 departement 34 : 723 annonces
2026-09-24 03:46:21,643 INFO radar.extract enrichissement : 711 fiches pour 715 SIREN demandes en 180.9 s (4.0 req/s)
2026-09-24 03:46:28,147 INFO radar.storage ecrit s3://amzn-s3-seau/radar/silver/evenements/date_parution=2026-09-15/evenements.parquet (79058 octets, 723 lignes)
2026-09-24 03:46:32,502 INFO radar.storage ecrit s3://amzn-s3-seau/radar/gold/indicateurs_commune_secteur/date_parution=2026-09-15/indicateurs.parquet (15102 octets, 369 lignes)

===== preparer (2026-09-15) =====
{
  "jour": "2026-09-15",
  "endpoint": "https://s3.eu-north-1.amazonaws.com",
  "execution_emulee": false,
  "bucket": "amzn-s3-seau",
  "seau_cree_par_le_graphe": false,
  "nb_communes_referentiel": 341,
  "departement": "34"
}

===== extraire (2026-09-15) =====
{
  "jour": "2026-09-15",
  "nb_annonces": 723,
  "total_annonce_par_la_source": 723,
  "octets_bronze": 1355641,
  "cle_bronze": "radar/bronze/bodacc/date_parution=2026-09-15/annonces.json",
  "derniere_parution_source": "2026-09-23",
  "extrait_le": "2026-09-24T01:43:19+00:00"
}

===== enrichir (2026-09-15) =====
{
  "jour": "2026-09-15",
  "nb_sirens_distincts": 715,
  "nb_sirens_demandes": 715,
  "nb_fiches_obtenues": 711,
  "enrichissement_actif": true,
  "taux_couverture": 0.9944
}

===== silver (2026-09-15) =====
{
  "jour": "2026-09-15",
  "nb_annonces_bronze": 723,
  "nb_evenements_silver": 723,
  "nb_doublons_ecartes": 0,
  "octets_parquet": 79058,
  "cle_silver": "radar/silver/evenements/date_parution=2026-09-15/evenements.parquet"
}

===== controler_silver (2026-09-15) =====

Controles de qualite : couche silver
+--------+------------------------------------+--------------------------------------------------------------------------------------+---------------------------------------------------+
| statut | controle                           | attendu                                                                              | observe                                           |
+--------+------------------------------------+--------------------------------------------------------------------------------------+---------------------------------------------------+
| OK     | completude_extraction              | 723 annonces, soit le total annonce par l'API pour ce jour                           | 723 annonces ecrites en bronze                    |
| OK     | unicite_id_annonce                 | aucun identifiant d'annonce en double                                                | 0 identifiant(s) en double                        |
| OK     | cles_non_nulles                    | id_annonce et date_parution toujours renseignes                                      | 0 ligne(s) incompletes                            |
| OK     | type_evenement_dans_le_vocabulaire | types parmi 14 valeurs connues                                                       | 0 type(s) hors vocabulaire                        |
| OK     | partition_homogene                 | toutes les lignes portent la date de parution 2026-09-15                             | 0 autre(s) date(s) dans la partition              |
| OK     | perimetre_departemental            | tous les codes commune commencent par 34                                             | 0 ligne(s) hors perimetre                         |
| OK     | volumetrie_dans_la_norme           | entre 5 et 1501 annonces (centiles 5 et 95 de 60 jours : 9 et 1000, marges 2 et 1.5) | 723 annonces                                      |
| OK     | fraicheur_source                   | derniere parution a moins de 5 jours de la date traitee                              | -8 jour(s) d'ecart (derniere parution 2026-09-23) |
| OK     | rapprochement_communes             | au moins 95% des annonces rattachees a une commune du referentiel                    | 99.86% (722/723)                                  |
| OK     | presence_siren                     | au moins 90% des annonces portent un SIREN valide (cle de Luhn)                      | 100.00% (723/723)                                 |
+--------+------------------------------------+--------------------------------------------------------------------------------------+---------------------------------------------------+
10 controles : 10 OK, 0 alerte(s), 0 echec(s) bloquant(s)


===== gold (2026-09-15) =====
{
  "jour": "2026-09-15",
  "nb_lignes_gold": 369,
  "nb_signaux": 0,
  "octets_parquet": 15102
}

===== controler_gold (2026-09-15) =====

Controles de qualite : couche gold
+--------+-----------------------------+----------------------------------------------------------------------+----------------------------------+
| statut | controle                    | attendu                                                              | observe                          |
+--------+-----------------------------+----------------------------------------------------------------------+----------------------------------+
| OK     | grain_or_unique             | une seule ligne par (jour, commune, section NAF)                     | 0 cle(s) en double               |
| OK     | conservation_argent_vers_or | 723 evenements agreges                                               | 723 evenements dans la couche or |
| OK     | coherence_solde_net         | solde_net = creations + immatriculations - radiations - liquidations | 0 ligne(s) incoherentes          |
| OK     | compteurs_positifs          | tous les compteurs nb_* sont positifs ou nuls                        | 0 valeur(s) negatives            |
| OK     | couverture_naf              | au moins 50% des evenements rattaches a une section NAF              | 98.48% (712/723)                 |
+--------+-----------------------------+----------------------------------------------------------------------+----------------------------------+
5 controles : 5 OK, 0 alerte(s), 0 echec(s) bloquant(s)


===== publier (2026-09-15) =====
{
  "nb_evenements": 723,
  "nb_lignes_or": 369,
  "nb_communes_touchees": 137,
  "nb_sans_commune": 1,
  "taux_rapprochement_commune": 0.9986,
  "nb_avec_siren": 723,
  "nb_avec_naf": 712,
  "par_type": {
    "creation": 100,
    "depot_comptes": 484,
    "modification": 64,
    "radiation": 45,
    "transfert": 29,
    "vente_fonds": 1
  },
  "par_section": {
    "A": 3,
    "C": 28,
    "D": 42,
    "E": 1,
    "F": 66,
    "G": 123,
    "H": 30,
    "I": 63,
    "J": 29,
    "K": 54,
    "L": 90,
    "M": 83,
    "N": 36,
    "P": 8,
    "Q": 18,
    "R": 14,
    "S": 24,
    "Z": 11
  },
  "nb_defaillances": 0,
  "nb_ouvertures": 100,
  "solde_net": 55,
  "nb_ventes_avec_montant": 1,
  "montant_total_ventes_eur": 200000.0,
  "jour": "2026-09-15",
  "execution_emulee": false,
  "moteur_requete": "duckdb",
  "requetes_entrepot": {
    "top_communes": 137,
    "par_section": 18,
    "signaux_du_jour": 0,
    "solde_net_departement": 1
  }
}
