[2026-09-24T09:43:24.384+0000] {dag.py:4399} INFO - [DAG TEST] running task <TaskInstance: radar_entreprises_herault.enrichir_sirene manual__2026-09-16T00:00:00+02:00 [scheduled]>
[2026-09-24 09:43:24,399] {taskinstance.py:3134} INFO - Exporting env vars: AIRFLOW_CTX_DAG_OWNER='yasmina' AIRFLOW_CTX_DAG_ID='radar_entreprises_herault' AIRFLOW_CTX_TASK_ID='enrichir_sirene' AIRFLOW_CTX_EXECUTION_DATE='2026-09-15T22:00:00+00:00' AIRFLOW_CTX_TRY_NUMBER='1' AIRFLOW_CTX_DAG_RUN_ID='manual__2026-09-16T00:00:00+02:00'
[2026-09-24T09:43:24.399+0000] {taskinstance.py:3134} INFO - Exporting env vars: AIRFLOW_CTX_DAG_OWNER='yasmina' AIRFLOW_CTX_DAG_ID='radar_entreprises_herault' AIRFLOW_CTX_TASK_ID='enrichir_sirene' AIRFLOW_CTX_EXECUTION_DATE='2026-09-15T22:00:00+00:00' AIRFLOW_CTX_TRY_NUMBER='1' AIRFLOW_CTX_DAG_RUN_ID='manual__2026-09-16T00:00:00+02:00'
[2026-09-24T09:43:24.399+0000] {taskinstance.py:732} INFO - ::endgroup::
[2026-09-24T09:43:24.949+0000] {extract.py:206} INFO - enrichissement : 1 fiches pour 1 SIREN demandes en 0.5 s (1.9 req/s)
{
  "jour": "2026-09-16",
  "nb_sirens_distincts": 1,
  "nb_sirens_demandes": 1,
  "nb_fiches_obtenues": 1,
  "enrichissement_actif": true,
  "taux_couverture": 1.0
}
[2026-09-24 09:43:24,962] {python.py:240} INFO - Done. Returned value was: {'jour': '2026-09-16', 'nb_sirens_distincts': 1, 'nb_sirens_demandes': 1, 'nb_fiches_obtenues': 1, 'enrichissement_actif': True, 'taux_couverture': 1.0}
[2026-09-24T09:43:24.962+0000] {python.py:240} INFO - Done. Returned value was: {'jour': '2026-09-16', 'nb_sirens_distincts': 1, 'nb_sirens_demandes': 1, 'nb_fiches_obtenues': 1, 'enrichissement_actif': True, 'taux_couverture': 1.0}
[2026-09-24T09:43:24.968+0000] {taskinstance.py:341} INFO - ::group::Post task execution logs
[2026-09-24T09:43:24.968+0000] {taskinstance.py:353} INFO - Marking task as SUCCESS. dag_id=radar_entreprises_herault, task_id=enrichir_sirene, run_id=manual__2026-09-16T00:00:00+02:00, execution_date=20260915T220000, start_date=, end_date=20260924T094324
[2026-09-24T09:43:24.973+0000] {dag.py:4410} INFO - [DAG TEST] end task task_id=enrichir_sirene map_index=-1
[2026-09-24T09:43:24.984+0000] {dag.py:4396} INFO - [DAG TEST] starting task_id=construire_silver map_index=-1
[2026-09-24T09:43:24.984+0000] {dag.py:4399} INFO - [DAG TEST] running task <TaskInstance: radar_entreprises_herault.construire_silver manual__2026-09-16T00:00:00+02:00 [scheduled]>
[2026-09-24 09:43:24,999] {taskinstance.py:3134} INFO - Exporting env vars: AIRFLOW_CTX_DAG_OWNER='yasmina' AIRFLOW_CTX_DAG_ID='radar_entreprises_herault' AIRFLOW_CTX_TASK_ID='construire_silver' AIRFLOW_CTX_EXECUTION_DATE='2026-09-15T22:00:00+00:00' AIRFLOW_CTX_TRY_NUMBER='1' AIRFLOW_CTX_DAG_RUN_ID='manual__2026-09-16T00:00:00+02:00'
[2026-09-24T09:43:24.999+0000] {taskinstance.py:3134} INFO - Exporting env vars: AIRFLOW_CTX_DAG_OWNER='yasmina' AIRFLOW_CTX_DAG_ID='radar_entreprises_herault' AIRFLOW_CTX_TASK_ID='construire_silver' AIRFLOW_CTX_EXECUTION_DATE='2026-09-15T22:00:00+00:00' AIRFLOW_CTX_TRY_NUMBER='1' AIRFLOW_CTX_DAG_RUN_ID='manual__2026-09-16T00:00:00+02:00'
[2026-09-24T09:43:24.999+0000] {taskinstance.py:732} INFO - ::endgroup::
[2026-09-24T09:43:26.135+0000] {storage.py:79} INFO - ecrit s3://amzn-s3-seau/radar/silver/evenements/date_parution=2026-09-16/evenements.parquet (6604 octets, 1 lignes)
{
  "jour": "2026-09-16",
  "nb_annonces_bronze": 1,
  "nb_evenements_silver": 1,
  "nb_doublons_ecartes": 0,
  "octets_parquet": 6604,
  "cle_silver": "radar/silver/evenements/date_parution=2026-09-16/evenements.parquet"
}
[2026-09-24 09:43:26,136] {python.py:240} INFO - Done. Returned value was: {'jour': '2026-09-16', 'nb_annonces_bronze': 1, 'nb_evenements_silver': 1, 'nb_doublons_ecartes': 0, 'octets_parquet': 6604, 'cle_silver': 'radar/silver/evenements/date_parution=2026-09-16/evenements.parquet'}
[2026-09-24T09:43:26.136+0000] {python.py:240} INFO - Done. Returned value was: {'jour': '2026-09-16', 'nb_annonces_bronze': 1, 'nb_evenements_silver': 1, 'nb_doublons_ecartes': 0, 'octets_parquet': 6604, 'cle_silver': 'radar/silver/evenements/date_parution=2026-09-16/evenements.parquet'}
[2026-09-24T09:43:26.142+0000] {taskinstance.py:341} INFO - ::group::Post task execution logs
[2026-09-24T09:43:26.142+0000] {taskinstance.py:353} INFO - Marking task as SUCCESS. dag_id=radar_entreprises_herault, task_id=construire_silver, run_id=manual__2026-09-16T00:00:00+02:00, execution_date=20260915T220000, start_date=, end_date=20260924T094326
[2026-09-24T09:43:26.148+0000] {dag.py:4410} INFO - [DAG TEST] end task task_id=construire_silver map_index=-1
[2026-09-24T09:43:26.159+0000] {dag.py:4396} INFO - [DAG TEST] starting task_id=controles_qualite_silver map_index=-1
[2026-09-24T09:43:26.159+0000] {dag.py:4399} INFO - [DAG TEST] running task <TaskInstance: radar_entreprises_herault.controles_qualite_silver manual__2026-09-16T00:00:00+02:00 [scheduled]>
[2026-09-24 09:43:26,174] {taskinstance.py:3134} INFO - Exporting env vars: AIRFLOW_CTX_DAG_OWNER='yasmina' AIRFLOW_CTX_DAG_ID='radar_entreprises_herault' AIRFLOW_CTX_TASK_ID='controles_qualite_silver' AIRFLOW_CTX_EXECUTION_DATE='2026-09-15T22:00:00+00:00' AIRFLOW_CTX_TRY_NUMBER='1' AIRFLOW_CTX_DAG_RUN_ID='manual__2026-09-16T00:00:00+02:00'
[2026-09-24T09:43:26.174+0000] {taskinstance.py:3134} INFO - Exporting env vars: AIRFLOW_CTX_DAG_OWNER='yasmina' AIRFLOW_CTX_DAG_ID='radar_entreprises_herault' AIRFLOW_CTX_TASK_ID='controles_qualite_silver' AIRFLOW_CTX_EXECUTION_DATE='2026-09-15T22:00:00+00:00' AIRFLOW_CTX_TRY_NUMBER='1' AIRFLOW_CTX_DAG_RUN_ID='manual__2026-09-16T00:00:00+02:00'
[2026-09-24T09:43:26.175+0000] {taskinstance.py:732} INFO - ::endgroup::

Controles de qualite : couche silver
+--------+------------------------------------+---------------------------------------------------------------------------------------+---------------------------------------------------+
| statut | controle                           | attendu                                                                               | observe                                           |
+--------+------------------------------------+---------------------------------------------------------------------------------------+---------------------------------------------------+
| OK     | completude_extraction              | 1 annonces, soit le total annonce par l'API pour ce jour                              | 1 annonces ecrites en bronze                      |
| OK     | unicite_id_annonce                 | aucun identifiant d'annonce en double                                                 | 0 identifiant(s) en double                        |
| OK     | cles_non_nulles                    | id_annonce et date_parution toujours renseignes                                       | 0 ligne(s) incompletes                            |
| OK     | type_evenement_dans_le_vocabulaire | types parmi 14 valeurs connues                                                        | 0 type(s) hors vocabulaire                        |
| OK     | partition_homogene                 | toutes les lignes portent la date de parution 2026-09-16                              | 0 autre(s) date(s) dans la partition              |
| OK     | perimetre_departemental            | tous les codes commune commencent par 34                                              | 0 ligne(s) hors perimetre                         |
| ECHEC  | volumetrie_dans_la_norme           | entre 6 et 1501 annonces (centiles 5 et 95 de 60 jours : 11 et 1000, marges 2 et 1.5) | 1 annonces                                        |
| OK     | fraicheur_source                   | derniere parution a moins de 5 jours de la date traitee                               | -8 jour(s) d'ecart (derniere parution 2026-09-24) |
| OK     | rapprochement_communes             | au moins 95% des annonces rattachees a une commune du referentiel                     | 100.00% (1/1)                                     |
| OK     | presence_siren                     | au moins 90% des annonces portent un SIREN valide (cle de Luhn)                       | 100.00% (1/1)                                     |
+--------+------------------------------------+---------------------------------------------------------------------------------------+---------------------------------------------------+
10 controles : 9 OK, 0 alerte(s), 1 echec(s) bloquant(s)

[2026-09-24 09:43:26,212] {taskinstance.py:3313} ERROR - Task failed with exception
Traceback (most recent call last):
  File "/home/airflow/.local/lib/python3.12/site-packages/airflow/models/taskinstance.py", line 768, in _execute_task
    result = _execute_callable(context=context, **execute_callable_kwargs)
             ^^^^^^^^^^^^^^^^^^^^^^^^^^^^^^^^^^^^^^^^^^^^^^^^^^^^^^^^^^^^^
  File "/home/airflow/.local/lib/python3.12/site-packages/airflow/models/taskinstance.py", line 734, in _execute_callable
    return ExecutionCallableRunner(
           ^^^^^^^^^^^^^^^^^^^^^^^^
  File "/home/airflow/.local/lib/python3.12/site-packages/airflow/utils/operator_helpers.py", line 252, in run
    return self.func(*args, **kwargs)
           ^^^^^^^^^^^^^^^^^^^^^^^^^^
  File "/home/airflow/.local/lib/python3.12/site-packages/airflow/models/baseoperator.py", line 424, in wrapper
    return func(self, *args, **kwargs)
           ^^^^^^^^^^^^^^^^^^^^^^^^^^^
  File "/home/airflow/.local/lib/python3.12/site-packages/airflow/decorators/base.py", line 266, in execute
    return_value = super().execute(context)
                   ^^^^^^^^^^^^^^^^^^^^^^^^
  File "/home/airflow/.local/lib/python3.12/site-packages/airflow/models/baseoperator.py", line 424, in wrapper
    return func(self, *args, **kwargs)
           ^^^^^^^^^^^^^^^^^^^^^^^^^^^
  File "/home/airflow/.local/lib/python3.12/site-packages/airflow/operators/python.py", line 238, in execute
    return_value = self.execute_callable()
                   ^^^^^^^^^^^^^^^^^^^^^^^
  File "/home/airflow/.local/lib/python3.12/site-packages/airflow/operators/python.py", line 256, in execute_callable
    return runner.run(*self.op_args, **self.op_kwargs)
           ^^^^^^^^^^^^^^^^^^^^^^^^^^^^^^^^^^^^^^^^^^^
  File "/home/airflow/.local/lib/python3.12/site-packages/airflow/utils/operator_helpers.py", line 252, in run
    return self.func(*args, **kwargs)
           ^^^^^^^^^^^^^^^^^^^^^^^^^^
  File "/opt/airflow/dags/radar_entreprises.py", line 84, in controler_silver
    return pipeline.etape_controler_silver(_jour(contexte))
           ^^^^^^^^^^^^^^^^^^^^^^^^^^^^^^^^^^^^^^^^^^^^^^^^
  File "/opt/airflow/src/radar/pipeline.py", line 227, in etape_controler_silver
    rapport = quality.exiger(resultats, "couche silver")
              ^^^^^^^^^^^^^^^^^^^^^^^^^^^^^^^^^^^^^^^^^^
  File "/opt/airflow/src/radar/quality.py", line 395, in exiger
    raise QualiteError(f"{len(echecs)} controle(s) bloquant(s) en echec a l'etape {etape} : {details}")
radar.quality.QualiteError: 1 controle(s) bloquant(s) en echec a l'etape couche silver : volumetrie_dans_la_norme (attendu entre 6 et 1501 annonces (centiles 5 et 95 de 60 jours : 11 et 1000, marges 2 et 1.5), observe 1 annonces)
[2026-09-24T09:43:26.212+0000] {taskinstance.py:3313} ERROR - Task failed with exception
Traceback (most recent call last):
  File "/home/airflow/.local/lib/python3.12/site-packages/airflow/models/taskinstance.py", line 768, in _execute_task
    result = _execute_callable(context=context, **execute_callable_kwargs)
             ^^^^^^^^^^^^^^^^^^^^^^^^^^^^^^^^^^^^^^^^^^^^^^^^^^^^^^^^^^^^^
  File "/home/airflow/.local/lib/python3.12/site-packages/airflow/models/taskinstance.py", line 734, in _execute_callable
    return ExecutionCallableRunner(
           ^^^^^^^^^^^^^^^^^^^^^^^^
  File "/home/airflow/.local/lib/python3.12/site-packages/airflow/utils/operator_helpers.py", line 252, in run
    return self.func(*args, **kwargs)
           ^^^^^^^^^^^^^^^^^^^^^^^^^^
  File "/home/airflow/.local/lib/python3.12/site-packages/airflow/models/baseoperator.py", line 424, in wrapper
    return func(self, *args, **kwargs)
           ^^^^^^^^^^^^^^^^^^^^^^^^^^^
  File "/home/airflow/.local/lib/python3.12/site-packages/airflow/decorators/base.py", line 266, in execute
    return_value = super().execute(context)
                   ^^^^^^^^^^^^^^^^^^^^^^^^
  File "/home/airflow/.local/lib/python3.12/site-packages/airflow/models/baseoperator.py", line 424, in wrapper
    return func(self, *args, **kwargs)
           ^^^^^^^^^^^^^^^^^^^^^^^^^^^
  File "/home/airflow/.local/lib/python3.12/site-packages/airflow/operators/python.py", line 238, in execute
    return_value = self.execute_callable()
                   ^^^^^^^^^^^^^^^^^^^^^^^
  File "/home/airflow/.local/lib/python3.12/site-packages/airflow/operators/python.py", line 256, in execute_callable
    return runner.run(*self.op_args, **self.op_kwargs)
           ^^^^^^^^^^^^^^^^^^^^^^^^^^^^^^^^^^^^^^^^^^^
  File "/home/airflow/.local/lib/python3.12/site-packages/airflow/utils/operator_helpers.py", line 252, in run
    return self.func(*args, **kwargs)
           ^^^^^^^^^^^^^^^^^^^^^^^^^^
  File "/opt/airflow/dags/radar_entreprises.py", line 84, in controler_silver
    return pipeline.etape_controler_silver(_jour(contexte))
           ^^^^^^^^^^^^^^^^^^^^^^^^^^^^^^^^^^^^^^^^^^^^^^^^
  File "/opt/airflow/src/radar/pipeline.py", line 227, in etape_controler_silver
    rapport = quality.exiger(resultats, "couche silver")
              ^^^^^^^^^^^^^^^^^^^^^^^^^^^^^^^^^^^^^^^^^^
  File "/opt/airflow/src/radar/quality.py", line 395, in exiger
    raise QualiteError(f"{len(echecs)} controle(s) bloquant(s) en echec a l'etape {etape} : {details}")
radar.quality.QualiteError: 1 controle(s) bloquant(s) en echec a l'etape couche silver : volumetrie_dans_la_norme (attendu entre 6 et 1501 annonces (centiles 5 et 95 de 60 jours : 11 et 1000, marges 2 et 1.5), observe 1 annonces)
[2026-09-24T09:43:26.216+0000] {taskinstance.py:1226} INFO - Marking task as FAILED. dag_id=radar_entreprises_herault, task_id=controles_qualite_silver, run_id=manual__2026-09-16T00:00:00+02:00, execution_date=20260915T220000, start_date=, end_date=20260924T094326
[2026-09-24T09:43:26.227+0000] {taskinstance.py:341} INFO - ::group::Post task execution logs
[2026-09-24T09:43:26.228+0000] {dag.py:3090} ERROR - Task failed; ti=<TaskInstance: radar_entreprises_herault.controles_qualite_silver manual__2026-09-16T00:00:00+02:00 [failed]>
Traceback (most recent call last):
  File "/home/airflow/.local/lib/python3.12/site-packages/airflow/models/dag.py", line 3083, in test
    _run_task(
  File "/home/airflow/.local/lib/python3.12/site-packages/airflow/models/dag.py", line 4400, in _run_task
    ti._run_raw_task(session=session, raise_on_defer=inline_trigger, mark_success=mark_success)
  File "/home/airflow/.local/lib/python3.12/site-packages/airflow/utils/session.py", line 94, in wrapper
    return func(*args, **kwargs)
           ^^^^^^^^^^^^^^^^^^^^^
  File "/home/airflow/.local/lib/python3.12/site-packages/airflow/models/taskinstance.py", line 3006, in _run_raw_task
    return _run_raw_task(
           ^^^^^^^^^^^^^^
  File "/home/airflow/.local/lib/python3.12/site-packages/airflow/models/taskinstance.py", line 274, in _run_raw_task
    TaskInstance._execute_task_with_callbacks(
  File "/home/airflow/.local/lib/python3.12/site-packages/airflow/models/taskinstance.py", line 3161, in _execute_task_with_callbacks
    result = self._execute_task(context, task_orig)
             ^^^^^^^^^^^^^^^^^^^^^^^^^^^^^^^^^^^^^^
  File "/home/airflow/.local/lib/python3.12/site-packages/airflow/models/taskinstance.py", line 3185, in _execute_task
    return _execute_task(self, context, task_orig)
           ^^^^^^^^^^^^^^^^^^^^^^^^^^^^^^^^^^^^^^^
  File "/home/airflow/.local/lib/python3.12/site-packages/airflow/models/taskinstance.py", line 768, in _execute_task
    result = _execute_callable(context=context, **execute_callable_kwargs)
             ^^^^^^^^^^^^^^^^^^^^^^^^^^^^^^^^^^^^^^^^^^^^^^^^^^^^^^^^^^^^^
  File "/home/airflow/.local/lib/python3.12/site-packages/airflow/models/taskinstance.py", line 734, in _execute_callable
    return ExecutionCallableRunner(
           ^^^^^^^^^^^^^^^^^^^^^^^^
  File "/home/airflow/.local/lib/python3.12/site-packages/airflow/utils/operator_helpers.py", line 252, in run
    return self.func(*args, **kwargs)
           ^^^^^^^^^^^^^^^^^^^^^^^^^^
  File "/home/airflow/.local/lib/python3.12/site-packages/airflow/models/baseoperator.py", line 424, in wrapper
    return func(self, *args, **kwargs)
           ^^^^^^^^^^^^^^^^^^^^^^^^^^^
  File "/home/airflow/.local/lib/python3.12/site-packages/airflow/decorators/base.py", line 266, in execute
    return_value = super().execute(context)
                   ^^^^^^^^^^^^^^^^^^^^^^^^
  File "/home/airflow/.local/lib/python3.12/site-packages/airflow/models/baseoperator.py", line 424, in wrapper
    return func(self, *args, **kwargs)
           ^^^^^^^^^^^^^^^^^^^^^^^^^^^
  File "/home/airflow/.local/lib/python3.12/site-packages/airflow/operators/python.py", line 238, in execute
    return_value = self.execute_callable()
                   ^^^^^^^^^^^^^^^^^^^^^^^
  File "/home/airflow/.local/lib/python3.12/site-packages/airflow/operators/python.py", line 256, in execute_callable
    return runner.run(*self.op_args, **self.op_kwargs)
           ^^^^^^^^^^^^^^^^^^^^^^^^^^^^^^^^^^^^^^^^^^^
  File "/home/airflow/.local/lib/python3.12/site-packages/airflow/utils/operator_helpers.py", line 252, in run
    return self.func(*args, **kwargs)
           ^^^^^^^^^^^^^^^^^^^^^^^^^^
  File "/opt/airflow/dags/radar_entreprises.py", line 84, in controler_silver
    return pipeline.etape_controler_silver(_jour(contexte))
           ^^^^^^^^^^^^^^^^^^^^^^^^^^^^^^^^^^^^^^^^^^^^^^^^
  File "/opt/airflow/src/radar/pipeline.py", line 227, in etape_controler_silver
    rapport = quality.exiger(resultats, "couche silver")
              ^^^^^^^^^^^^^^^^^^^^^^^^^^^^^^^^^^^^^^^^^^
  File "/opt/airflow/src/radar/quality.py", line 395, in exiger
    raise QualiteError(f"{len(echecs)} controle(s) bloquant(s) en echec a l'etape {etape} : {details}")
radar.quality.QualiteError: 1 controle(s) bloquant(s) en echec a l'etape couche silver : volumetrie_dans_la_norme (attendu entre 6 et 1501 annonces (centiles 5 et 95 de 60 jours : 11 et 1000, marges 2 et 1.5), observe 1 annonces)
[2026-09-24T09:43:26.242+0000] {dag.py:3061} WARNING - No tasks to run. unrunnable tasks: {<TaskInstance: radar_entreprises_herault.publier_indicateurs manual__2026-09-16T00:00:00+02:00 [None]>, <TaskInstance: radar_entreprises_herault.controles_qualite_gold manual__2026-09-16T00:00:00+02:00 [None]>}
[2026-09-24T09:43:27.254+0000] {dag.py:3061} WARNING - No tasks to run. unrunnable tasks: {<TaskInstance: radar_entreprises_herault.publier_indicateurs manual__2026-09-16T00:00:00+02:00 [None]>}
[2026-09-24T09:43:28.269+0000] {dagrun.py:823} ERROR - Marking run <DagRun radar_entreprises_herault @ 2026-09-15 22:00:00+00:00: manual__2026-09-16T00:00:00+02:00, state:running, queued_at: None. externally triggered: False> failed
[2026-09-24T09:43:28.270+0000] {dagrun.py:905} INFO - DagRun Finished: dag_id=radar_entreprises_herault, execution_date=2026-09-15 22:00:00+00:00, run_id=manual__2026-09-16T00:00:00+02:00, run_start_date=2026-09-15 22:00:00+00:00, run_end_date=2026-09-24 09:43:28.270050+00:00, run_duration=733408.27005, state=failed, external_trigger=False, run_type=manual, data_interval_start=2026-09-12 04:00:00+00:00, data_interval_end=2026-09-15 04:00:00+00:00, dag_hash=None
DagRun failed

