2026-09-24 03:26:03,483 INFO botocore.credentials Found credentials in environment variables.
2026-09-24 03:26:13,418 INFO radar.extract BODACC 2026-09-18 departement 34 : 324 annonces
2026-09-24 03:27:50,178 INFO radar.extract enrichissement : 321 fiches pour 321 SIREN demandes en 91.7 s (3.5 req/s)
2026-09-24 03:27:56,010 INFO radar.storage ecrit s3://amzn-s3-seau/radar/silver/evenements/date_parution=2026-09-18/evenements.parquet (47407 octets, 324 lignes)
2026-09-24 03:28:00,662 INFO radar.storage ecrit s3://amzn-s3-seau/radar/gold/indicateurs_commune_secteur/date_parution=2026-09-18/indicateurs.parquet (11918 octets, 187 lignes)

===== preparer (2026-09-18) =====
{
  "jour": "2026-09-18",
  "endpoint": "https://s3.eu-north-1.amazonaws.com",
  "execution_emulee": false,
  "bucket": "amzn-s3-seau",
  "seau_cree_par_le_graphe": false,
  "nb_communes_referentiel": 341,
  "departement": "34"
}

===== extraire (2026-09-18) =====
{
  "jour": "2026-09-18",
  "nb_annonces": 324,
  "total_annonce_par_la_source": 324,
  "octets_bronze": 635157,
  "cle_bronze": "radar/bronze/bodacc/date_parution=2026-09-18/annonces.json",
  "derniere_parution_source": "2026-09-23",
  "extrait_le": "2026-09-24T01:26:16+00:00"
}

===== enrichir (2026-09-18) =====
{
  "jour": "2026-09-18",
  "nb_sirens_distincts": 321,
  "nb_sirens_demandes": 321,
  "nb_fiches_obtenues": 321,
  "enrichissement_actif": true,
  "taux_couverture": 1.0
}

===== silver (2026-09-18) =====
{
  "jour": "2026-09-18",
  "nb_annonces_bronze": 324,
  "nb_evenements_silver": 324,
  "nb_doublons_ecartes": 0,
  "octets_parquet": 47407,
  "cle_silver": "radar/silver/evenements/date_parution=2026-09-18/evenements.parquet"
}

===== controler_silver (2026-09-18) =====

Controles de qualite : couche silver
+--------+------------------------------------+--------------------------------------------------------------------------------------+---------------------------------------------------+
| statut | controle                           | attendu                                                                              | observe                                           |
+--------+------------------------------------+--------------------------------------------------------------------------------------+---------------------------------------------------+
| OK     | completude_extraction              | 324 annonces, soit le total annonce par l'API pour ce jour                           | 324 annonces ecrites en bronze                    |
| OK     | unicite_id_annonce                 | aucun identifiant d'annonce en double                                                | 0 identifiant(s) en double                        |
| OK     | cles_non_nulles                    | id_annonce et date_parution toujours renseignes                                      | 0 ligne(s) incompletes                            |
| OK     | type_evenement_dans_le_vocabulaire | types parmi 14 valeurs connues                                                       | 0 type(s) hors vocabulaire                        |
| OK     | partition_homogene                 | toutes les lignes portent la date de parution 2026-09-18                             | 0 autre(s) date(s) dans la partition              |
| OK     | perimetre_departemental            | tous les codes commune commencent par 34                                             | 0 ligne(s) hors perimetre                         |
| OK     | volumetrie_dans_la_norme           | entre 5 et 1501 annonces (centiles 5 et 95 de 60 jours : 9 et 1000, marges 2 et 1.5) | 324 annonces                                      |
| OK     | fraicheur_source                   | derniere parution a moins de 5 jours de la date traitee                              | -5 jour(s) d'ecart (derniere parution 2026-09-23) |
| OK     | rapprochement_communes             | au moins 95% des annonces rattachees a une commune du referentiel                    | 99.38% (322/324)                                  |
| OK     | presence_siren                     | au moins 90% des annonces portent un SIREN valide (cle de Luhn)                      | 99.07% (321/324)                                  |
+--------+------------------------------------+--------------------------------------------------------------------------------------+---------------------------------------------------+
10 controles : 10 OK, 0 alerte(s), 0 echec(s) bloquant(s)


===== gold (2026-09-18) =====
{
  "jour": "2026-09-18",
  "nb_lignes_gold": 187,
  "nb_signaux": 46,
  "octets_parquet": 11918
}

===== controler_gold (2026-09-18) =====

Controles de qualite : couche gold
+--------+-----------------------------+----------------------------------------------------------------------+----------------------------------+
| statut | controle                    | attendu                                                              | observe                          |
+--------+-----------------------------+----------------------------------------------------------------------+----------------------------------+
| OK     | grain_or_unique             | une seule ligne par (jour, commune, section NAF)                     | 0 cle(s) en double               |
| OK     | conservation_argent_vers_or | 324 evenements agreges                                               | 324 evenements dans la couche or |
| OK     | coherence_solde_net         | solde_net = creations + immatriculations - radiations - liquidations | 0 ligne(s) incoherentes          |
| OK     | compteurs_positifs          | tous les compteurs nb_* sont positifs ou nuls                        | 0 valeur(s) negatives            |
| OK     | couverture_naf              | au moins 50% des evenements rattaches a une section NAF              | 96.60% (313/324)                 |
+--------+-----------------------------+----------------------------------------------------------------------+----------------------------------+
5 controles : 5 OK, 0 alerte(s), 0 echec(s) bloquant(s)


===== publier (2026-09-18) =====
{
  "nb_evenements": 324,
  "nb_lignes_or": 187,
  "nb_communes_touchees": 80,
  "nb_sans_commune": 2,
  "taux_rapprochement_commune": 0.9938,
  "nb_avec_siren": 321,
  "nb_avec_naf": 313,
  "par_type": {
    "autre_jugement": 17,
    "cloture_procedure": 25,
    "creation": 37,
    "depot_comptes": 114,
    "liquidation": 14,
    "modification": 33,
    "radiation": 43,
    "redressement": 15,
    "transfert": 21,
    "vente_fonds": 5
  },
  "par_section": {
    "A": 4,
    "C": 12,
    "D": 3,
    "E": 4,
    "F": 29,
    "G": 60,
    "H": 17,
    "I": 31,
    "J": 16,
    "K": 15,
    "L": 36,
    "M": 34,
    "N": 20,
    "P": 9,
    "Q": 7,
    "R": 6,
    "S": 10,
    "Z": 11
  },
  "nb_defaillances": 29,
  "nb_ouvertures": 37,
  "solde_net": -20,
  "nb_ventes_avec_montant": 5,
  "montant_total_ventes_eur": 398000.0,
  "jour": "2026-09-18",
  "execution_emulee": false,
  "moteur_requete": "duckdb",
  "requetes_entrepot": {
    "top_communes": 80,
    "par_section": 18,
    "signaux_du_jour": 46,
    "solde_net_departement": 1
  }
}
