2026-09-24 03:28:20,320 INFO botocore.credentials Found credentials in environment variables.
2026-09-24 03:28:28,287 INFO radar.extract BODACC 2026-09-20 departement 34 : 219 annonces
2026-09-24 03:29:28,060 INFO radar.extract enrichissement : 215 fiches pour 217 SIREN demandes en 55.2 s (3.9 req/s)
2026-09-24 03:29:32,963 INFO radar.storage ecrit s3://amzn-s3-seau/radar/silver/evenements/date_parution=2026-09-20/evenements.parquet (33995 octets, 219 lignes)
2026-09-24 03:29:37,035 INFO radar.storage ecrit s3://amzn-s3-seau/radar/gold/indicateurs_commune_secteur/date_parution=2026-09-20/indicateurs.parquet (10421 octets, 134 lignes)

===== preparer (2026-09-20) =====
{
  "jour": "2026-09-20",
  "endpoint": "https://s3.eu-north-1.amazonaws.com",
  "execution_emulee": false,
  "bucket": "amzn-s3-seau",
  "seau_cree_par_le_graphe": false,
  "nb_communes_referentiel": 341,
  "departement": "34"
}

===== extraire (2026-09-20) =====
{
  "jour": "2026-09-20",
  "nb_annonces": 219,
  "total_annonce_par_la_source": 219,
  "octets_bronze": 417132,
  "cle_bronze": "radar/bronze/bodacc/date_parution=2026-09-20/annonces.json",
  "derniere_parution_source": "2026-09-23",
  "extrait_le": "2026-09-24T01:28:31+00:00"
}

===== enrichir (2026-09-20) =====
{
  "jour": "2026-09-20",
  "nb_sirens_distincts": 217,
  "nb_sirens_demandes": 217,
  "nb_fiches_obtenues": 215,
  "enrichissement_actif": true,
  "taux_couverture": 0.9908
}

===== silver (2026-09-20) =====
{
  "jour": "2026-09-20",
  "nb_annonces_bronze": 219,
  "nb_evenements_silver": 219,
  "nb_doublons_ecartes": 0,
  "octets_parquet": 33995,
  "cle_silver": "radar/silver/evenements/date_parution=2026-09-20/evenements.parquet"
}

===== controler_silver (2026-09-20) =====

Controles de qualite : couche silver
+--------+------------------------------------+--------------------------------------------------------------------------------------+---------------------------------------------------+
| statut | controle                           | attendu                                                                              | observe                                           |
+--------+------------------------------------+--------------------------------------------------------------------------------------+---------------------------------------------------+
| OK     | completude_extraction              | 219 annonces, soit le total annonce par l'API pour ce jour                           | 219 annonces ecrites en bronze                    |
| OK     | unicite_id_annonce                 | aucun identifiant d'annonce en double                                                | 0 identifiant(s) en double                        |
| OK     | cles_non_nulles                    | id_annonce et date_parution toujours renseignes                                      | 0 ligne(s) incompletes                            |
| OK     | type_evenement_dans_le_vocabulaire | types parmi 14 valeurs connues                                                       | 0 type(s) hors vocabulaire                        |
| OK     | partition_homogene                 | toutes les lignes portent la date de parution 2026-09-20                             | 0 autre(s) date(s) dans la partition              |
| OK     | perimetre_departemental            | tous les codes commune commencent par 34                                             | 0 ligne(s) hors perimetre                         |
| OK     | volumetrie_dans_la_norme           | entre 5 et 1501 annonces (centiles 5 et 95 de 60 jours : 9 et 1000, marges 2 et 1.5) | 219 annonces                                      |
| OK     | fraicheur_source                   | derniere parution a moins de 5 jours de la date traitee                              | -3 jour(s) d'ecart (derniere parution 2026-09-23) |
| OK     | rapprochement_communes             | au moins 95% des annonces rattachees a une commune du referentiel                    | 99.09% (217/219)                                  |
| OK     | presence_siren                     | au moins 90% des annonces portent un SIREN valide (cle de Luhn)                      | 100.00% (219/219)                                 |
+--------+------------------------------------+--------------------------------------------------------------------------------------+---------------------------------------------------+
10 controles : 10 OK, 0 alerte(s), 0 echec(s) bloquant(s)


===== gold (2026-09-20) =====
{
  "jour": "2026-09-20",
  "nb_lignes_gold": 134,
  "nb_signaux": 0,
  "octets_parquet": 10421
}

===== controler_gold (2026-09-20) =====

Controles de qualite : couche gold
+--------+-----------------------------+----------------------------------------------------------------------+----------------------------------+
| statut | controle                    | attendu                                                              | observe                          |
+--------+-----------------------------+----------------------------------------------------------------------+----------------------------------+
| OK     | grain_or_unique             | une seule ligne par (jour, commune, section NAF)                     | 0 cle(s) en double               |
| OK     | conservation_argent_vers_or | 219 evenements agreges                                               | 219 evenements dans la couche or |
| OK     | coherence_solde_net         | solde_net = creations + immatriculations - radiations - liquidations | 0 ligne(s) incoherentes          |
| OK     | compteurs_positifs          | tous les compteurs nb_* sont positifs ou nuls                        | 0 valeur(s) negatives            |
| OK     | couverture_naf              | au moins 50% des evenements rattaches a une section NAF              | 98.63% (216/219)                 |
+--------+-----------------------------+----------------------------------------------------------------------+----------------------------------+
5 controles : 5 OK, 0 alerte(s), 0 echec(s) bloquant(s)


===== publier (2026-09-20) =====
{
  "nb_evenements": 219,
  "nb_lignes_or": 134,
  "nb_communes_touchees": 60,
  "nb_sans_commune": 2,
  "taux_rapprochement_commune": 0.9909,
  "nb_avec_siren": 219,
  "nb_avec_naf": 216,
  "par_type": {
    "creation": 24,
    "depot_comptes": 132,
    "modification": 32,
    "radiation": 16,
    "transfert": 11,
    "vente_fonds": 4
  },
  "par_section": {
    "A": 4,
    "C": 4,
    "D": 15,
    "F": 18,
    "G": 39,
    "H": 13,
    "I": 26,
    "J": 11,
    "K": 12,
    "L": 34,
    "M": 24,
    "N": 4,
    "Q": 4,
    "R": 2,
    "S": 6,
    "Z": 3
  },
  "nb_defaillances": 0,
  "nb_ouvertures": 24,
  "solde_net": 8,
  "nb_ventes_avec_montant": 3,
  "montant_total_ventes_eur": 268000.0,
  "jour": "2026-09-20",
  "execution_emulee": false,
  "moteur_requete": "duckdb",
  "requetes_entrepot": {
    "top_communes": 60,
    "par_section": 16,
    "signaux_du_jour": 0,
    "solde_net_departement": 1
  }
}
