2026-09-24 03:23:43,306 INFO botocore.credentials Found credentials in environment variables.
2026-09-24 03:23:53,178 INFO radar.extract BODACC 2026-09-17 departement 34 : 354 annonces
2026-09-24 03:25:34,670 INFO radar.extract enrichissement : 335 fiches pour 346 SIREN demandes en 96.4 s (3.6 req/s)
2026-09-24 03:25:40,306 INFO radar.storage ecrit s3://amzn-s3-seau/radar/silver/evenements/date_parution=2026-09-17/evenements.parquet (55084 octets, 354 lignes)
2026-09-24 03:25:44,954 INFO radar.storage ecrit s3://amzn-s3-seau/radar/gold/indicateurs_commune_secteur/date_parution=2026-09-17/indicateurs.parquet (13132 octets, 235 lignes)

===== preparer (2026-09-17) =====
{
  "jour": "2026-09-17",
  "endpoint": "https://s3.eu-north-1.amazonaws.com",
  "execution_emulee": false,
  "bucket": "amzn-s3-seau",
  "seau_cree_par_le_graphe": false,
  "nb_communes_referentiel": 341,
  "departement": "34"
}

===== extraire (2026-09-17) =====
{
  "jour": "2026-09-17",
  "nb_annonces": 354,
  "total_annonce_par_la_source": 354,
  "octets_bronze": 687636,
  "cle_bronze": "radar/bronze/bodacc/date_parution=2026-09-17/annonces.json",
  "derniere_parution_source": "2026-09-23",
  "extrait_le": "2026-09-24T01:23:56+00:00"
}

===== enrichir (2026-09-17) =====
{
  "jour": "2026-09-17",
  "nb_sirens_distincts": 346,
  "nb_sirens_demandes": 346,
  "nb_fiches_obtenues": 335,
  "enrichissement_actif": true,
  "taux_couverture": 0.9682
}

===== silver (2026-09-17) =====
{
  "jour": "2026-09-17",
  "nb_annonces_bronze": 354,
  "nb_evenements_silver": 354,
  "nb_doublons_ecartes": 0,
  "octets_parquet": 55084,
  "cle_silver": "radar/silver/evenements/date_parution=2026-09-17/evenements.parquet"
}

===== controler_silver (2026-09-17) =====

Controles de qualite : couche silver
+--------+------------------------------------+--------------------------------------------------------------------------------------+---------------------------------------------------+
| statut | controle                           | attendu                                                                              | observe                                           |
+--------+------------------------------------+--------------------------------------------------------------------------------------+---------------------------------------------------+
| OK     | completude_extraction              | 354 annonces, soit le total annonce par l'API pour ce jour                           | 354 annonces ecrites en bronze                    |
| OK     | unicite_id_annonce                 | aucun identifiant d'annonce en double                                                | 0 identifiant(s) en double                        |
| OK     | cles_non_nulles                    | id_annonce et date_parution toujours renseignes                                      | 0 ligne(s) incompletes                            |
| OK     | type_evenement_dans_le_vocabulaire | types parmi 14 valeurs connues                                                       | 0 type(s) hors vocabulaire                        |
| OK     | partition_homogene                 | toutes les lignes portent la date de parution 2026-09-17                             | 0 autre(s) date(s) dans la partition              |
| OK     | perimetre_departemental            | tous les codes commune commencent par 34                                             | 0 ligne(s) hors perimetre                         |
| OK     | volumetrie_dans_la_norme           | entre 5 et 1501 annonces (centiles 5 et 95 de 60 jours : 9 et 1000, marges 2 et 1.5) | 354 annonces                                      |
| OK     | fraicheur_source                   | derniere parution a moins de 5 jours de la date traitee                              | -6 jour(s) d'ecart (derniere parution 2026-09-23) |
| OK     | rapprochement_communes             | au moins 95% des annonces rattachees a une commune du referentiel                    | 99.15% (351/354)                                  |
| OK     | presence_siren                     | au moins 90% des annonces portent un SIREN valide (cle de Luhn)                      | 100.00% (354/354)                                 |
+--------+------------------------------------+--------------------------------------------------------------------------------------+---------------------------------------------------+
10 controles : 10 OK, 0 alerte(s), 0 echec(s) bloquant(s)


===== gold (2026-09-17) =====
{
  "jour": "2026-09-17",
  "nb_lignes_gold": 235,
  "nb_signaux": 10,
  "octets_parquet": 13132
}

===== controler_gold (2026-09-17) =====

Controles de qualite : couche gold
+--------+-----------------------------+----------------------------------------------------------------------+----------------------------------+
| statut | controle                    | attendu                                                              | observe                          |
+--------+-----------------------------+----------------------------------------------------------------------+----------------------------------+
| OK     | grain_or_unique             | une seule ligne par (jour, commune, section NAF)                     | 0 cle(s) en double               |
| OK     | conservation_argent_vers_or | 354 evenements agreges                                               | 354 evenements dans la couche or |
| OK     | coherence_solde_net         | solde_net = creations + immatriculations - radiations - liquidations | 0 ligne(s) incoherentes          |
| OK     | compteurs_positifs          | tous les compteurs nb_* sont positifs ou nuls                        | 0 valeur(s) negatives            |
| OK     | couverture_naf              | au moins 50% des evenements rattaches a une section NAF              | 95.76% (339/354)                 |
+--------+-----------------------------+----------------------------------------------------------------------+----------------------------------+
5 controles : 5 OK, 0 alerte(s), 0 echec(s) bloquant(s)


===== publier (2026-09-17) =====
{
  "nb_evenements": 354,
  "nb_lignes_or": 235,
  "nb_communes_touchees": 107,
  "nb_sans_commune": 3,
  "taux_rapprochement_commune": 0.9915,
  "nb_avec_siren": 354,
  "nb_avec_naf": 339,
  "par_type": {
    "autre_jugement": 7,
    "creation": 76,
    "depot_comptes": 164,
    "liquidation": 3,
    "modification": 36,
    "radiation": 47,
    "transfert": 20,
    "vente_fonds": 1
  },
  "par_section": {
    "A": 6,
    "C": 12,
    "D": 3,
    "E": 4,
    "F": 35,
    "G": 63,
    "H": 19,
    "I": 25,
    "J": 24,
    "K": 28,
    "L": 30,
    "M": 41,
    "N": 20,
    "P": 6,
    "Q": 5,
    "R": 7,
    "S": 11,
    "Z": 15
  },
  "nb_defaillances": 3,
  "nb_ouvertures": 76,
  "solde_net": 26,
  "nb_ventes_avec_montant": 1,
  "montant_total_ventes_eur": 298952.0,
  "jour": "2026-09-17",
  "execution_emulee": false,
  "moteur_requete": "duckdb",
  "requetes_entrepot": {
    "top_communes": 107,
    "par_section": 18,
    "signaux_du_jour": 10,
    "solde_net_departement": 1
  }
}
