2026-09-24 03:32:33,865 INFO botocore.credentials Found credentials in environment variables.
2026-09-24 03:32:39,124 INFO radar.extract BODACC 2026-09-23 departement 34 : 79 annonces
2026-09-24 03:33:04,516 INFO radar.extract enrichissement : 78 fiches pour 81 SIREN demandes en 21.2 s (3.8 req/s)
2026-09-24 03:33:08,945 INFO radar.storage ecrit s3://amzn-s3-seau/radar/silver/evenements/date_parution=2026-09-23/evenements.parquet (24626 octets, 79 lignes)
2026-09-24 03:33:13,055 INFO radar.storage ecrit s3://amzn-s3-seau/radar/gold/indicateurs_commune_secteur/date_parution=2026-09-23/indicateurs.parquet (8729 octets, 56 lignes)

===== preparer (2026-09-23) =====
{
  "jour": "2026-09-23",
  "endpoint": "https://s3.eu-north-1.amazonaws.com",
  "execution_emulee": false,
  "bucket": "amzn-s3-seau",
  "seau_cree_par_le_graphe": false,
  "nb_communes_referentiel": 341,
  "departement": "34"
}

===== extraire (2026-09-23) =====
{
  "jour": "2026-09-23",
  "nb_annonces": 79,
  "total_annonce_par_la_source": 79,
  "octets_bronze": 172106,
  "cle_bronze": "radar/bronze/bodacc/date_parution=2026-09-23/annonces.json",
  "derniere_parution_source": "2026-09-23",
  "extrait_le": "2026-09-24T01:32:41+00:00"
}

===== enrichir (2026-09-23) =====
{
  "jour": "2026-09-23",
  "nb_sirens_distincts": 81,
  "nb_sirens_demandes": 81,
  "nb_fiches_obtenues": 78,
  "enrichissement_actif": true,
  "taux_couverture": 0.963
}

===== silver (2026-09-23) =====
{
  "jour": "2026-09-23",
  "nb_annonces_bronze": 79,
  "nb_evenements_silver": 79,
  "nb_doublons_ecartes": 0,
  "octets_parquet": 24626,
  "cle_silver": "radar/silver/evenements/date_parution=2026-09-23/evenements.parquet"
}

===== controler_silver (2026-09-23) =====

Controles de qualite : couche silver
+--------+------------------------------------+---------------------------------------------------------------------------------------+--------------------------------------------------+
| statut | controle                           | attendu                                                                               | observe                                          |
+--------+------------------------------------+---------------------------------------------------------------------------------------+--------------------------------------------------+
| OK     | completude_extraction              | 79 annonces, soit le total annonce par l'API pour ce jour                             | 79 annonces ecrites en bronze                    |
| OK     | unicite_id_annonce                 | aucun identifiant d'annonce en double                                                 | 0 identifiant(s) en double                       |
| OK     | cles_non_nulles                    | id_annonce et date_parution toujours renseignes                                       | 0 ligne(s) incompletes                           |
| OK     | type_evenement_dans_le_vocabulaire | types parmi 14 valeurs connues                                                        | 0 type(s) hors vocabulaire                       |
| OK     | partition_homogene                 | toutes les lignes portent la date de parution 2026-09-23                              | 0 autre(s) date(s) dans la partition             |
| OK     | perimetre_departemental            | tous les codes commune commencent par 34                                              | 0 ligne(s) hors perimetre                        |
| OK     | volumetrie_dans_la_norme           | entre 6 et 1501 annonces (centiles 5 et 95 de 60 jours : 11 et 1000, marges 2 et 1.5) | 79 annonces                                      |
| OK     | fraicheur_source                   | derniere parution a moins de 5 jours de la date traitee                               | 0 jour(s) d'ecart (derniere parution 2026-09-23) |
| OK     | rapprochement_communes             | au moins 95% des annonces rattachees a une commune du referentiel                     | 100.00% (79/79)                                  |
| OK     | presence_siren                     | au moins 90% des annonces portent un SIREN valide (cle de Luhn)                       | 100.00% (79/79)                                  |
+--------+------------------------------------+---------------------------------------------------------------------------------------+--------------------------------------------------+
10 controles : 10 OK, 0 alerte(s), 0 echec(s) bloquant(s)


===== gold (2026-09-23) =====
{
  "jour": "2026-09-23",
  "nb_lignes_gold": 56,
  "nb_signaux": 4,
  "octets_parquet": 8729
}

===== controler_gold (2026-09-23) =====

Controles de qualite : couche gold
+--------+-----------------------------+----------------------------------------------------------------------+---------------------------------+
| statut | controle                    | attendu                                                              | observe                         |
+--------+-----------------------------+----------------------------------------------------------------------+---------------------------------+
| OK     | grain_or_unique             | une seule ligne par (jour, commune, section NAF)                     | 0 cle(s) en double              |
| OK     | conservation_argent_vers_or | 79 evenements agreges                                                | 79 evenements dans la couche or |
| OK     | coherence_solde_net         | solde_net = creations + immatriculations - radiations - liquidations | 0 ligne(s) incoherentes         |
| OK     | compteurs_positifs          | tous les compteurs nb_* sont positifs ou nuls                        | 0 valeur(s) negatives           |
| OK     | couverture_naf              | au moins 50% des evenements rattaches a une section NAF              | 93.67% (74/79)                  |
+--------+-----------------------------+----------------------------------------------------------------------+---------------------------------+
5 controles : 5 OK, 0 alerte(s), 0 echec(s) bloquant(s)


===== publier (2026-09-23) =====
{
  "nb_evenements": 79,
  "nb_lignes_or": 56,
  "nb_communes_touchees": 35,
  "nb_sans_commune": 0,
  "taux_rapprochement_commune": 1.0,
  "nb_avec_siren": 79,
  "nb_avec_naf": 74,
  "par_type": {
    "autre_jugement": 1,
    "creation": 45,
    "liquidation": 3,
    "modification": 11,
    "radiation": 12,
    "transfert": 5,
    "vente_fonds": 2
  },
  "par_section": {
    "C": 1,
    "D": 1,
    "F": 1,
    "G": 13,
    "H": 16,
    "I": 3,
    "J": 6,
    "K": 1,
    "L": 14,
    "M": 5,
    "N": 6,
    "P": 1,
    "Q": 2,
    "R": 3,
    "S": 1,
    "Z": 5
  },
  "nb_defaillances": 3,
  "nb_ouvertures": 45,
  "solde_net": 30,
  "nb_ventes_avec_montant": 2,
  "montant_total_ventes_eur": 995000.0,
  "jour": "2026-09-23",
  "execution_emulee": false,
  "moteur_requete": "duckdb",
  "requetes_entrepot": {
    "top_communes": 35,
    "par_section": 16,
    "signaux_du_jour": 4,
    "solde_net_departement": 1
  }
}
