2026-09-24 03:38:47,480 INFO botocore.credentials Found credentials in environment variables.
2026-09-24 03:38:53,219 INFO radar.extract BODACC 2026-09-11 departement 34 : 428 annonces
2026-09-24 03:40:42,577 INFO radar.extract enrichissement : 431 fiches pour 433 SIREN demandes en 106.1 s (4.1 req/s)
2026-09-24 03:40:48,300 INFO radar.storage ecrit s3://amzn-s3-seau/radar/silver/evenements/date_parution=2026-09-11/evenements.parquet (50982 octets, 428 lignes)
2026-09-24 03:40:52,364 INFO radar.storage ecrit s3://amzn-s3-seau/radar/gold/indicateurs_commune_secteur/date_parution=2026-09-11/indicateurs.parquet (13867 octets, 267 lignes)

===== preparer (2026-09-11) =====
{
  "jour": "2026-09-11",
  "endpoint": "https://s3.eu-north-1.amazonaws.com",
  "execution_emulee": false,
  "bucket": "amzn-s3-seau",
  "seau_cree_par_le_graphe": false,
  "nb_communes_referentiel": 341,
  "departement": "34"
}

===== extraire (2026-09-11) =====
{
  "jour": "2026-09-11",
  "nb_annonces": 428,
  "total_annonce_par_la_source": 428,
  "octets_bronze": 808115,
  "cle_bronze": "radar/bronze/bodacc/date_parution=2026-09-11/annonces.json",
  "derniere_parution_source": "2026-09-23",
  "extrait_le": "2026-09-24T01:38:55+00:00"
}

===== enrichir (2026-09-11) =====
{
  "jour": "2026-09-11",
  "nb_sirens_distincts": 433,
  "nb_sirens_demandes": 433,
  "nb_fiches_obtenues": 431,
  "enrichissement_actif": true,
  "taux_couverture": 0.9954
}

===== silver (2026-09-11) =====
{
  "jour": "2026-09-11",
  "nb_annonces_bronze": 428,
  "nb_evenements_silver": 428,
  "nb_doublons_ecartes": 0,
  "octets_parquet": 50982,
  "cle_silver": "radar/silver/evenements/date_parution=2026-09-11/evenements.parquet"
}

===== controler_silver (2026-09-11) =====

Controles de qualite : couche silver
+--------+------------------------------------+--------------------------------------------------------------------------------------+----------------------------------------------------+
| statut | controle                           | attendu                                                                              | observe                                            |
+--------+------------------------------------+--------------------------------------------------------------------------------------+----------------------------------------------------+
| OK     | completude_extraction              | 428 annonces, soit le total annonce par l'API pour ce jour                           | 428 annonces ecrites en bronze                     |
| OK     | unicite_id_annonce                 | aucun identifiant d'annonce en double                                                | 0 identifiant(s) en double                         |
| OK     | cles_non_nulles                    | id_annonce et date_parution toujours renseignes                                      | 0 ligne(s) incompletes                             |
| OK     | type_evenement_dans_le_vocabulaire | types parmi 14 valeurs connues                                                       | 0 type(s) hors vocabulaire                         |
| OK     | partition_homogene                 | toutes les lignes portent la date de parution 2026-09-11                             | 0 autre(s) date(s) dans la partition               |
| OK     | perimetre_departemental            | tous les codes commune commencent par 34                                             | 0 ligne(s) hors perimetre                          |
| OK     | volumetrie_dans_la_norme           | entre 5 et 1501 annonces (centiles 5 et 95 de 60 jours : 9 et 1000, marges 2 et 1.5) | 428 annonces                                       |
| OK     | fraicheur_source                   | derniere parution a moins de 5 jours de la date traitee                              | -12 jour(s) d'ecart (derniere parution 2026-09-23) |
| OK     | rapprochement_communes             | au moins 95% des annonces rattachees a une commune du referentiel                    | 100.00% (428/428)                                  |
| OK     | presence_siren                     | au moins 90% des annonces portent un SIREN valide (cle de Luhn)                      | 100.00% (428/428)                                  |
+--------+------------------------------------+--------------------------------------------------------------------------------------+----------------------------------------------------+
10 controles : 10 OK, 0 alerte(s), 0 echec(s) bloquant(s)


===== gold (2026-09-11) =====
{
  "jour": "2026-09-11",
  "nb_lignes_gold": 267,
  "nb_signaux": 0,
  "octets_parquet": 13867
}

===== controler_gold (2026-09-11) =====

Controles de qualite : couche gold
+--------+-----------------------------+----------------------------------------------------------------------+----------------------------------+
| statut | controle                    | attendu                                                              | observe                          |
+--------+-----------------------------+----------------------------------------------------------------------+----------------------------------+
| OK     | grain_or_unique             | une seule ligne par (jour, commune, section NAF)                     | 0 cle(s) en double               |
| OK     | conservation_argent_vers_or | 428 evenements agreges                                               | 428 evenements dans la couche or |
| OK     | coherence_solde_net         | solde_net = creations + immatriculations - radiations - liquidations | 0 ligne(s) incoherentes          |
| OK     | compteurs_positifs          | tous les compteurs nb_* sont positifs ou nuls                        | 0 valeur(s) negatives            |
| OK     | couverture_naf              | au moins 50% des evenements rattaches a une section NAF              | 98.36% (421/428)                 |
+--------+-----------------------------+----------------------------------------------------------------------+----------------------------------+
5 controles : 5 OK, 0 alerte(s), 0 echec(s) bloquant(s)


===== publier (2026-09-11) =====
{
  "nb_evenements": 428,
  "nb_lignes_or": 267,
  "nb_communes_touchees": 121,
  "nb_sans_commune": 0,
  "taux_rapprochement_commune": 1.0,
  "nb_avec_siren": 428,
  "nb_avec_naf": 421,
  "par_type": {
    "creation": 60,
    "depot_comptes": 277,
    "modification": 34,
    "radiation": 33,
    "transfert": 15,
    "vente_fonds": 9
  },
  "par_section": {
    "A": 4,
    "C": 7,
    "D": 3,
    "E": 1,
    "F": 43,
    "G": 86,
    "H": 28,
    "I": 44,
    "J": 14,
    "K": 41,
    "L": 46,
    "M": 60,
    "N": 23,
    "P": 4,
    "Q": 7,
    "R": 3,
    "S": 7,
    "Z": 7
  },
  "nb_defaillances": 0,
  "nb_ouvertures": 60,
  "solde_net": 27,
  "nb_ventes_avec_montant": 9,
  "montant_total_ventes_eur": 1324400.0,
  "jour": "2026-09-11",
  "execution_emulee": false,
  "moteur_requete": "duckdb",
  "requetes_entrepot": {
    "top_communes": 121,
    "par_section": 18,
    "signaux_du_jour": 0,
    "solde_net_departement": 1
  }
}
